I'm sorry, but errors were detected in your script. Please correct the
errors listed below, and try again.


File "game/screens.rpy", line 134: invalid syntax
    ]    config.custom_text_tags["ip"] = _md_ip_tag
             ^^^^^^

Ren'Py Version: Ren'Py 8.5.0.25111603
Tue Dec 30 02:19:40 2025
